// Jest Snapshot v1, https://goo.gl/fbAQLP

exports[`should render Header correctly 1`] = `
<header>
  <div
    className="logo"
  >
    Logo
  </div>
  <nav>
    <a
      href="#"
    >
      Create Ads 
    </a>
    <a
      href="#"
    >
      About Us 
    </a>
    <a
      href="#"
    >
      Log In 
    </a>
    <a
      className="register-btn"
      href="#"
    >
      Register
    </a>
  </nav>
</header>
`;
